Output file downloaded to .flora-ultra-training-output\find10k-dataset/.cache/huggingface/.gitignore
Output file downloaded to .flora-ultra-training-output\find10k-dataset/.cache/huggingface/CACHEDIR.TAG
Output file downloaded to .flora-ultra-training-output\find10k-dataset/.cache/huggingface/download/images/train/Abronia latifolia/001_5a02391be183.jpg.metadata
Output file downloaded to .flora-ultra-training-output\find10k-dataset/.cache/huggingface/download/images/train/Abronia latifolia/002_527db6dc43fd.jpg.metadata
Output file downloaded to .flora-ultra-training-output\find10k-dataset/.cache/huggingface/download/images/train/Abronia latifolia/003_ce2847e93a76.jpg.metadata
Output file downloaded to .flora-ultra-training-output\find10k-dataset/.cache/huggingface/download/images/train/Abronia latifolia/004_b5bca61127e4.jpg.metadata
Output file downloaded to .flora-ultra-training-output\find10k-dataset/.cache/huggingface/download/images/train/Abronia latifolia/005_6a2c0a1742bc.jpg.metadata
Output file downloaded to .flora-ultra-training-output\find10k-dataset/.cache/huggingface/download/images/train/Abronia latifolia/006_26839c54c196.jpg.metadata
Output file downloaded to .flora-ultra-training-output\find10k-dataset/.cache/huggingface/download/images/train/Abronia latifolia/007_5007908d5672.jpg.metadata
Output file downloaded to .flora-ultra-training-output\find10k-dataset/.cache/huggingface/download/images/train/Abronia latifolia/008_78aa58e22d24.jpg.metadata
Output file downloaded to .flora-ultra-training-output\find10k-dataset/.cache/huggingface/download/images/train/Abronia latifolia/009_e0bf4ec156ce.jpg.metadata
Output file downloaded to .flora-ultra-training-output\find10k-dataset/.cache/huggingface/download/images/train/Abronia latifolia/010_d746c59b2c20.jpg.metadata
Output file downloaded to .flora-ultra-training-output\find10k-dataset/.cache/huggingface/download/images/train/Abronia latifolia/011_bde4916c1714.jpg.metadata
Output file downloaded to .flora-ultra-training-output\find10k-dataset/.cache/huggingface/download/images/train/Abronia latifolia/012_1763a3129bed.jpg.metadata
Output file downloaded to .flora-ultra-training-output\find10k-dataset/.cache/huggingface/download/images/train/Abronia latifolia/013_bdfe54c6ce5e.jpg.metadata
Output file downloaded to .flora-ultra-training-output\find10k-dataset/.cache/huggingface/download/images/train/Abronia latifolia/014_d752c89fba8e.jpg.metadata
Output file downloaded to .flora-ultra-training-output\find10k-dataset/.cache/huggingface/download/images/train/Abronia latifolia/015_ec1d2065b873.jpg.metadata
Output file downloaded to .flora-ultra-training-output\find10k-dataset/.cache/huggingface/download/images/train/Abronia latifolia/016_4ba03034ed47.jpg.metadata
Output file downloaded to .flora-ultra-training-output\find10k-dataset/.cache/huggingface/download/images/train/Abronia latifolia/017_aa4b259f9757.jpg.metadata
Output file downloaded to .flora-ultra-training-output\find10k-dataset/.cache/huggingface/download/images/train/Abronia latifolia/018_cc6064f1a856.jpg.metadata
Output file downloaded to .flora-ultra-training-output\find10k-dataset/.cache/huggingface/download/images/train/Abronia latifolia/019_09fdb2e58af5.jpg.metadata
Output file downloaded to .flora-ultra-training-output\find10k-dataset/.cache/huggingface/download/images/train/Abronia latifolia/020_a4562d2e1cb0.jpg.metadata
Output file downloaded to .flora-ultra-training-output\find10k-dataset/.cache/huggingface/download/images/train/Abronia latifolia/021_7c4c5f0d2b0a.jpg.metadata
Output file downloaded to .flora-ultra-training-output\find10k-dataset/.cache/huggingface/download/images/train/Abronia latifolia/022_04b680dd76c3.jpg.metadata
Output file downloaded to .flora-ultra-training-output\find10k-dataset/.cache/huggingface/download/images/train/Abronia latifolia/023_f6f3605ac128.jpg.metadata
Output file downloaded to .flora-ultra-training-output\find10k-dataset/.cache/huggingface/download/images/train/Abronia latifolia/024_19b085d6136c.jpg.metadata
Output file downloaded to .flora-ultra-training-output\find10k-dataset/.cache/huggingface/download/images/train/Abronia latifolia/025_8aa3e444156c.jpg.metadata
Output file downloaded to .flora-ultra-training-output\find10k-dataset/.cache/huggingface/download/images/train/Abronia latifolia/026_ce9a63f833f6.jpg.metadata
Output file downloaded to .flora-ultra-training-output\find10k-dataset/.cache/huggingface/download/images/train/Abronia latifolia/027_9cc2e6530ebc.jpg.metadata
Output file downloaded to .flora-ultra-training-output\find10k-dataset/.cache/huggingface/download/images/train/Abronia latifolia/028_5708d7e6d23e.jpg.metadata
Output file downloaded to .flora-ultra-training-output\find10k-dataset/.cache/huggingface/download/images/train/Abronia latifolia/029_15ce79f2ea34.jpg.metadata
Output file downloaded to .flora-ultra-training-output\find10k-dataset/.cache/huggingface/download/images/train/Abronia latifolia/030_404947354793.jpg.metadata
Output file downloaded to .flora-ultra-training-output\find10k-dataset/.cache/huggingface/download/images/train/Abronia latifolia/031_6a644be190d0.jpg.metadata
Output file downloaded to .flora-ultra-training-output\find10k-dataset/.cache/huggingface/download/images/train/Abronia latifolia/032_e3198dbeda70.jpg.metadata
Output file downloaded to .flora-ultra-training-output\find10k-dataset/.cache/huggingface/download/images/train/Abronia latifolia/033_fb3373d65c84.jpg.metadata
Output file downloaded to .flora-ultra-training-output\find10k-dataset/.cache/huggingface/download/images/train/Abronia latifolia/034_7ca3b7014826.jpg.metadata
Output file downloaded to .flora-ultra-training-output\find10k-dataset/.cache/huggingface/download/images/train/Abronia latifolia/035_b525997ca958.jpg.metadata
Output file downloaded to .flora-ultra-training-output\find10k-dataset/.cache/huggingface/download/images/train/Abronia latifolia/036_d4f94b60f2d8.jpg.metadata
Output file downloaded to .flora-ultra-training-output\find10k-dataset/.cache/huggingface/download/images/train/Abronia latifolia/037_654f4198385b.jpg.metadata
Output file downloaded to .flora-ultra-training-output\find10k-dataset/.cache/huggingface/download/images/train/Abronia latifolia/038_5b382cc01fe5.jpg.metadata
Output file downloaded to .flora-ultra-training-output\find10k-dataset/.cache/huggingface/download/images/train/Abronia latifolia/039_b0ff80c08dfe.jpg.metadata
Output file downloaded to .flora-ultra-training-output\find10k-dataset/.cache/huggingface/download/images/train/Abronia latifolia/040_52c36e0e18e7.jpg.metadata
Output file downloaded to .flora-ultra-training-output\find10k-dataset/.cache/huggingface/download/images/train/Abronia latifolia/041_e5b0cfd1aefa.jpg.metadata
Output file downloaded to .flora-ultra-training-output\find10k-dataset/.cache/huggingface/download/images/train/Abronia latifolia/042_a0ee40dd59e1.jpg.metadata
Output file downloaded to .flora-ultra-training-output\find10k-dataset/.cache/huggingface/download/images/train/Abronia latifolia/043_45413da5c7df.jpg.metadata
Output file downloaded to .flora-ultra-training-output\find10k-dataset/.cache/huggingface/download/images/train/Abronia latifolia/044_062ac8f65257.jpg.metadata
Output file downloaded to .flora-ultra-training-output\find10k-dataset/.cache/huggingface/download/images/train/Abronia latifolia/045_8b93ff124e9d.jpg.metadata
Output file downloaded to .flora-ultra-training-output\find10k-dataset/.cache/huggingface/download/images/train/Abronia latifolia/046_94dc0c67940f.jpg.metadata
Output file downloaded to .flora-ultra-training-output\find10k-dataset/.cache/huggingface/download/images/train/Abronia latifolia/047_3d9893a3c28c.jpg.metadata
Output file downloaded to .flora-ultra-training-output\find10k-dataset/.cache/huggingface/download/images/train/Abronia latifolia/048_4f1410bb94e7.jpg.metadata
Output file downloaded to .flora-ultra-training-output\find10k-dataset/.cache/huggingface/download/images/train/Abronia latifolia/049_bea20dd14607.jpg.metadata
Output file downloaded to .flora-ultra-training-output\find10k-dataset/.cache/huggingface/download/images/train/Abronia latifolia/050_82f9e242daf4.jpg.metadata
Output file downloaded to .flora-ultra-training-output\find10k-dataset/.cache/huggingface/download/images/train/Abronia latifolia/051_dcf36bd2faa1.jpg.metadata
Output file downloaded to .flora-ultra-training-output\find10k-dataset/.cache/huggingface/download/images/train/Abronia latifolia/052_23cc74fa246f.jpg.metadata
Output file downloaded to .flora-ultra-training-output\find10k-dataset/.cache/huggingface/download/images/train/Abronia latifolia/053_f519d9dccffa.jpg.metadata
kaggle : HTTPSConnectionPool(host='www.kaggleusercontent.com', port=443): Max retries exceeded with url: /kf/348537364/eyJhbGciOiJkaXIiLCJlbmMiOiJBM
TI4Q0JDLUhTMjU2In0..gXWcMfImVWIZiUxNqSRLyg.W2XZjyDL0CtlO66z7tIt8-N9rSN2vsK9tm5gGBSDFUCxujgi09ZtNUaA_ntVW-a3YFIuArRwxfYjLi-H0FR5Iy6XYTHhVSIpnHGCOE6tM
hXFXXiszaf2OjfVvBqN2YkV25GJenVcwU3Dm3h5EDFP5HFTLbmMw70VKlDE-iebc79e3qk8ok6WaSup6NoWel7vKpILnhAQVBO2cTo0Q9PM2EQKpPu0c69xhVdMJv62E11mAVimryUIbhEIpJqHZ
as37J2wEDMXWXZGUNy0RR4iJo7K5uNFiD6-dmypAx5P7A5QtDmsLGcn03uR8Tk3kLvDd9L4xrf_IojFa-KzIyoMSltIPJ0rnFrKewMS2sGeSkFO5VvcyNu7RfgNSCaMqe1d6by61Q34e6p4ZvYwi
5L9I_NhxQKlAinMP_6NynfV6v9TlgZ0VOb1xy5qOp27dZRIkeAc-wu9hVk_sB_DuV8WrtxY8j-wAFIldrfwEmC_p8JjZTvuC5tjyZjr28tbWDPsmEhJAx2edjQa5cHI5ygmE0ww01_1jsLM92Lwf
Zu_9hrWuTTDY441mxUdHa3InYg_fPc7iliX8Urb-XF7ThnCycwq_N-vTY1zuAg1ubhpyh17H9sx6XBsDqzhsUn3_RZR.t0Jgp-rBOXlvXyxPZDl-JA/find10k-dataset/.cache/huggingfac
e/download/images/train/Abronia%20latifolia/054_755d8626dbef.jpg.metadata (Caused by SSLError(SSLEOFError(8, '[SSL: UNEXPECTED_EOF_WHILE_READING] 
EOF occurred in violation of protocol (_ssl.c:1081)')))
At line:2 char:150
+ ... NG='utf-8'; kaggle kernels output ibhxbg/flora-ultra-training -p .flo ...
+                 ~~~~~~~~~~~~~~~~~~~~~~~~~~~~~~~~~~~~~~~~~~~~~~~~~~~~~~~~~
    + CategoryInfo          : NotSpecified: (HTTPSConnection...ssl.c:1081)'))):String) [], RemoteException
    + FullyQualifiedErrorId : NativeCommandError
 
